# serializer version: 1
# name: test_binary_sensor_entities[binary_sensor.front_door_open-entry]
  EntityRegistryEntrySnapshot({
    'aliases': set({
    }),
    'area_id': None,
    'capabilities': None,
    'config_entry_id': <ANY>,
    'device_class': None,
    'device_id': <ANY>,
    'disabled_by': None,
    'domain': 'binary_sensor',
    'entity_category': None,
    'entity_id': 'binary_sensor.front_door_open',
    'has_entity_name': False,
    'hidden_by': None,
    'icon': None,
    'id': <ANY>,
    'labels': set({
    }),
    'name': None,
    'options': dict({
    }),
    'original_device_class': None,
    'original_icon': None,
    'original_name': 'Front Door Open',
    'platform': 'udi_iox',
    'previous_unique_id': None,
    'supported_features': 0,
    'translation_key': None,
    'unique_id': 'aa:bb:cc:dd:ee:ff_P_BS_S',
    'unit_of_measurement': None,
  })
# ---
# name: test_binary_sensor_entities[binary_sensor.front_door_open-state]
  StateSnapshot({
    'attributes': ReadOnlyDict({
      'friendly_name': 'Front Door Open',
    }),
    'context': <ANY>,
    'entity_id': 'binary_sensor.front_door_open',
    'last_changed': <ANY>,
    'last_reported': <ANY>,
    'last_updated': <ANY>,
    'state': 'on',
  })
# ---
