# serializer version: 1
# name: test_event_entities[event.hallway_light_hallway_button_b-entry]
  EntityRegistryEntrySnapshot({
    'aliases': list([
      None,
    ]),
    'area_id': None,
    'capabilities': dict({
      'event_types': list([
        'on',
        'off',
        'fast_off',
        'fast_on',
        'fade_up',
        'fade_down',
        'fade_stop',
      ]),
    }),
    'config_entry_id': <ANY>,
    'config_subentry_id': <ANY>,
    'device_class': None,
    'device_id': <ANY>,
    'disabled_by': None,
    'domain': 'event',
    'entity_category': None,
    'entity_id': 'event.hallway_light_hallway_button_b',
    'has_entity_name': True,
    'hidden_by': None,
    'icon': None,
    'id': <ANY>,
    'labels': set({
    }),
    'name': None,
    'object_id_base': 'Hallway Button B',
    'options': dict({
    }),
    'original_device_class': <EventDeviceClass.BUTTON: 'button'>,
    'original_icon': None,
    'original_name': 'Hallway Button B',
    'platform': 'udi_iox',
    'previous_unique_id': None,
    'suggested_object_id': None,
    'supported_features': 0,
    'translation_key': 'button',
    'unique_id': 'aa:bb:cc:dd:ee:ff_AA AA AA 2_button',
    'unit_of_measurement': None,
  })
# ---
# name: test_event_entities[event.hallway_light_hallway_button_b-state]
  StateSnapshot({
    'attributes': ReadOnlyDict({
      'device_class': 'button',
      'event_type': None,
      'event_types': list([
        'on',
        'off',
        'fast_off',
        'fast_on',
        'fade_up',
        'fade_down',
        'fade_stop',
      ]),
      'friendly_name': 'Hallway Light Hallway Button B',
    }),
    'context': <ANY>,
    'entity_id': 'event.hallway_light_hallway_button_b',
    'last_changed': <ANY>,
    'last_reported': <ANY>,
    'last_updated': <ANY>,
    'state': 'unknown',
  })
# ---
